$ rm -rf node_modules && pnpm install --frozen-lockfile
packages/_template/npm/darwin-arm64      | [WARN] Unsupported platform: wanted: {"cpu":["arm64"],"os":["darwin"],"libc":["any"]} (current: {"os":"linux","cpu":"x64","libc":"glibc"})
packages/_template/npm/darwin-x64        | [WARN] Unsupported platform: wanted: {"cpu":["x64"],"os":["darwin"],"libc":["any"]} (current: {"os":"linux","cpu":"x64","libc":"glibc"})
packages/_template/npm/linux-arm64-gnu   | [WARN] Unsupported platform: wanted: {"cpu":["arm64"],"os":["linux"],"libc":["glibc"]} (current: {"os":"linux","cpu":"x64","libc":"glibc"})
packages/_template/npm/win32-x64-msvc    | [WARN] Unsupported platform: wanted: {"cpu":["x64"],"os":["win32"],"libc":["any"]} (current: {"os":"linux","cpu":"x64","libc":"glibc"})
packages/rustd-archive/npm/darwin-arm64  | [WARN] Unsupported platform: wanted: {"cpu":["arm64"],"os":["darwin"],"libc":["any"]} (current: {"os":"linux","cpu":"x64","libc":"glibc"})
packages/rustd-archive/npm/darwin-x64    | [WARN] Unsupported platform: wanted: {"cpu":["x64"],"os":["darwin"],"libc":["any"]} (current: {"os":"linux","cpu":"x64","libc":"glibc"})
.../rustd-archive/npm/linux-arm64-gnu    | [WARN] Unsupported platform: wanted: {"cpu":["arm64"],"os":["linux"],"libc":["glibc"]} (current: {"os":"linux","cpu":"x64","libc":"glibc"})
.../rustd-archive/npm/win32-x64-msvc     | [WARN] Unsupported platform: wanted: {"cpu":["x64"],"os":["win32"],"libc":["any"]} (current: {"os":"linux","cpu":"x64","libc":"glibc"})
packages/rustd-checksum/npm/darwin-arm64 | [WARN] Unsupported platform: wanted: {"cpu":["arm64"],"os":["darwin"],"libc":["any"]} (current: {"os":"linux","cpu":"x64","libc":"glibc"})
packages/rustd-checksum/npm/darwin-x64   | [WARN] Unsupported platform: wanted: {"cpu":["x64"],"os":["darwin"],"libc":["any"]} (current: {"os":"linux","cpu":"x64","libc":"glibc"})
.../rustd-checksum/npm/linux-arm64-gnu   | [WARN] Unsupported platform: wanted: {"cpu":["arm64"],"os":["linux"],"libc":["glibc"]} (current: {"os":"linux","cpu":"x64","libc":"glibc"})
.../rustd-checksum/npm/win32-x64-msvc    | [WARN] Unsupported platform: wanted: {"cpu":["x64"],"os":["win32"],"libc":["any"]} (current: {"os":"linux","cpu":"x64","libc":"glibc"})
packages/rustd-compress/npm/darwin-arm64 | [WARN] Unsupported platform: wanted: {"cpu":["arm64"],"os":["darwin"],"libc":["any"]} (current: {"os":"linux","cpu":"x64","libc":"glibc"})
packages/rustd-compress/npm/darwin-x64   | [WARN] Unsupported platform: wanted: {"cpu":["x64"],"os":["darwin"],"libc":["any"]} (current: {"os":"linux","cpu":"x64","libc":"glibc"})
.../rustd-compress/npm/linux-arm64-gnu   | [WARN] Unsupported platform: wanted: {"cpu":["arm64"],"os":["linux"],"libc":["glibc"]} (current: {"os":"linux","cpu":"x64","libc":"glibc"})
.../rustd-compress/npm/win32-x64-msvc    | [WARN] Unsupported platform: wanted: {"cpu":["x64"],"os":["win32"],"libc":["any"]} (current: {"os":"linux","cpu":"x64","libc":"glibc"})
.../rustd-containers/npm/darwin-arm64    | [WARN] Unsupported platform: wanted: {"cpu":["arm64"],"os":["darwin"],"libc":["any"]} (current: {"os":"linux","cpu":"x64","libc":"glibc"})
packages/rustd-containers/npm/darwin-x64 | [WARN] Unsupported platform: wanted: {"cpu":["x64"],"os":["darwin"],"libc":["any"]} (current: {"os":"linux","cpu":"x64","libc":"glibc"})
.../rustd-containers/npm/linux-arm64-gnu | [WARN] Unsupported platform: wanted: {"cpu":["arm64"],"os":["linux"],"libc":["glibc"]} (current: {"os":"linux","cpu":"x64","libc":"glibc"})
.../rustd-containers/npm/win32-x64-msvc  | [WARN] Unsupported platform: wanted: {"cpu":["x64"],"os":["win32"],"libc":["any"]} (current: {"os":"linux","cpu":"x64","libc":"glibc"})
packages/rustd-crypto/npm/darwin-arm64   | [WARN] Unsupported platform: wanted: {"cpu":["arm64"],"os":["darwin"],"libc":["any"]} (current: {"os":"linux","cpu":"x64","libc":"glibc"})
packages/rustd-crypto/npm/darwin-x64     | [WARN] Unsupported platform: wanted: {"cpu":["x64"],"os":["darwin"],"libc":["any"]} (current: {"os":"linux","cpu":"x64","libc":"glibc"})
.../rustd-crypto/npm/linux-arm64-gnu     | [WARN] Unsupported platform: wanted: {"cpu":["arm64"],"os":["linux"],"libc":["glibc"]} (current: {"os":"linux","cpu":"x64","libc":"glibc"})
packages/rustd-crypto/npm/win32-x64-msvc | [WARN] Unsupported platform: wanted: {"cpu":["x64"],"os":["win32"],"libc":["any"]} (current: {"os":"linux","cpu":"x64","libc":"glibc"})
packages/rustd-encoding/npm/darwin-arm64 | [WARN] Unsupported platform: wanted: {"cpu":["arm64"],"os":["darwin"],"libc":["any"]} (current: {"os":"linux","cpu":"x64","libc":"glibc"})
packages/rustd-encoding/npm/darwin-x64   | [WARN] Unsupported platform: wanted: {"cpu":["x64"],"os":["darwin"],"libc":["any"]} (current: {"os":"linux","cpu":"x64","libc":"glibc"})
.../rustd-encoding/npm/linux-arm64-gnu   | [WARN] Unsupported platform: wanted: {"cpu":["arm64"],"os":["linux"],"libc":["glibc"]} (current: {"os":"linux","cpu":"x64","libc":"glibc"})
.../rustd-encoding/npm/win32-x64-msvc    | [WARN] Unsupported platform: wanted: {"cpu":["x64"],"os":["win32"],"libc":["any"]} (current: {"os":"linux","cpu":"x64","libc":"glibc"})
packages/rustd-gotool/npm/darwin-arm64   | [WARN] Unsupported platform: wanted: {"cpu":["arm64"],"os":["darwin"],"libc":["any"]} (current: {"os":"linux","cpu":"x64","libc":"glibc"})
packages/rustd-gotool/npm/darwin-x64     | [WARN] Unsupported platform: wanted: {"cpu":["x64"],"os":["darwin"],"libc":["any"]} (current: {"os":"linux","cpu":"x64","libc":"glibc"})
.../rustd-gotool/npm/linux-arm64-gnu     | [WARN] Unsupported platform: wanted: {"cpu":["arm64"],"os":["linux"],"libc":["glibc"]} (current: {"os":"linux","cpu":"x64","libc":"glibc"})
packages/rustd-gotool/npm/win32-x64-msvc | [WARN] Unsupported platform: wanted: {"cpu":["x64"],"os":["win32"],"libc":["any"]} (current: {"os":"linux","cpu":"x64","libc":"glibc"})
packages/rustd-image/npm/darwin-arm64    | [WARN] Unsupported platform: wanted: {"cpu":["arm64"],"os":["darwin"],"libc":["any"]} (current: {"os":"linux","cpu":"x64","libc":"glibc"})
packages/rustd-image/npm/darwin-x64      | [WARN] Unsupported platform: wanted: {"cpu":["x64"],"os":["darwin"],"libc":["any"]} (current: {"os":"linux","cpu":"x64","libc":"glibc"})
packages/rustd-image/npm/linux-arm64-gnu | [WARN] Unsupported platform: wanted: {"cpu":["arm64"],"os":["linux"],"libc":["glibc"]} (current: {"os":"linux","cpu":"x64","libc":"glibc"})
packages/rustd-image/npm/win32-x64-msvc  | [WARN] Unsupported platform: wanted: {"cpu":["x64"],"os":["win32"],"libc":["any"]} (current: {"os":"linux","cpu":"x64","libc":"glibc"})
packages/rustd-log/npm/darwin-arm64      | [WARN] Unsupported platform: wanted: {"cpu":["arm64"],"os":["darwin"],"libc":["any"]} (current: {"os":"linux","cpu":"x64","libc":"glibc"})
packages/rustd-log/npm/darwin-x64        | [WARN] Unsupported platform: wanted: {"cpu":["x64"],"os":["darwin"],"libc":["any"]} (current: {"os":"linux","cpu":"x64","libc":"glibc"})
packages/rustd-log/npm/linux-arm64-gnu   | [WARN] Unsupported platform: wanted: {"cpu":["arm64"],"os":["linux"],"libc":["glibc"]} (current: {"os":"linux","cpu":"x64","libc":"glibc"})
packages/rustd-log/npm/win32-x64-msvc    | [WARN] Unsupported platform: wanted: {"cpu":["x64"],"os":["win32"],"libc":["any"]} (current: {"os":"linux","cpu":"x64","libc":"glibc"})
packages/rustd-mail/npm/darwin-arm64     | [WARN] Unsupported platform: wanted: {"cpu":["arm64"],"os":["darwin"],"libc":["any"]} (current: {"os":"linux","cpu":"x64","libc":"glibc"})
packages/rustd-mail/npm/darwin-x64       | [WARN] Unsupported platform: wanted: {"cpu":["x64"],"os":["darwin"],"libc":["any"]} (current: {"os":"linux","cpu":"x64","libc":"glibc"})
packages/rustd-mail/npm/linux-arm64-gnu  | [WARN] Unsupported platform: wanted: {"cpu":["arm64"],"os":["linux"],"libc":["glibc"]} (current: {"os":"linux","cpu":"x64","libc":"glibc"})
packages/rustd-mail/npm/win32-x64-msvc   | [WARN] Unsupported platform: wanted: {"cpu":["x64"],"os":["win32"],"libc":["any"]} (current: {"os":"linux","cpu":"x64","libc":"glibc"})
packages/rustd-mathx/npm/darwin-arm64    | [WARN] Unsupported platform: wanted: {"cpu":["arm64"],"os":["darwin"],"libc":["any"]} (current: {"os":"linux","cpu":"x64","libc":"glibc"})
packages/rustd-mathx/npm/darwin-x64      | [WARN] Unsupported platform: wanted: {"cpu":["x64"],"os":["darwin"],"libc":["any"]} (current: {"os":"linux","cpu":"x64","libc":"glibc"})
packages/rustd-mathx/npm/linux-arm64-gnu | [WARN] Unsupported platform: wanted: {"cpu":["arm64"],"os":["linux"],"libc":["glibc"]} (current: {"os":"linux","cpu":"x64","libc":"glibc"})
packages/rustd-mathx/npm/win32-x64-msvc  | [WARN] Unsupported platform: wanted: {"cpu":["x64"],"os":["win32"],"libc":["any"]} (current: {"os":"linux","cpu":"x64","libc":"glibc"})
packages/rustd-mime/npm/darwin-arm64     | [WARN] Unsupported platform: wanted: {"cpu":["arm64"],"os":["darwin"],"libc":["any"]} (current: {"os":"linux","cpu":"x64","libc":"glibc"})
packages/rustd-mime/npm/darwin-x64       | [WARN] Unsupported platform: wanted: {"cpu":["x64"],"os":["darwin"],"libc":["any"]} (current: {"os":"linux","cpu":"x64","libc":"glibc"})
packages/rustd-mime/npm/linux-arm64-gnu  | [WARN] Unsupported platform: wanted: {"cpu":["arm64"],"os":["linux"],"libc":["glibc"]} (current: {"os":"linux","cpu":"x64","libc":"glibc"})
packages/rustd-mime/npm/win32-x64-msvc   | [WARN] Unsupported platform: wanted: {"cpu":["x64"],"os":["win32"],"libc":["any"]} (current: {"os":"linux","cpu":"x64","libc":"glibc"})
.../rustd-regexsyntax/npm/darwin-arm64   | [WARN] Unsupported platform: wanted: {"cpu":["arm64"],"os":["darwin"],"libc":["any"]} (current: {"os":"linux","cpu":"x64","libc":"glibc"})
.../rustd-regexsyntax/npm/darwin-x64     | [WARN] Unsupported platform: wanted: {"cpu":["x64"],"os":["darwin"],"libc":["any"]} (current: {"os":"linux","cpu":"x64","libc":"glibc"})
.../npm/linux-arm64-gnu                  | [WARN] Unsupported platform: wanted: {"cpu":["arm64"],"os":["linux"],"libc":["glibc"]} (current: {"os":"linux","cpu":"x64","libc":"glibc"})
.../rustd-regexsyntax/npm/win32-x64-msvc | [WARN] Unsupported platform: wanted: {"cpu":["x64"],"os":["win32"],"libc":["any"]} (current: {"os":"linux","cpu":"x64","libc":"glibc"})
packages/rustd-serial/npm/darwin-arm64   | [WARN] Unsupported platform: wanted: {"cpu":["arm64"],"os":["darwin"],"libc":["any"]} (current: {"os":"linux","cpu":"x64","libc":"glibc"})
packages/rustd-serial/npm/darwin-x64     | [WARN] Unsupported platform: wanted: {"cpu":["x64"],"os":["darwin"],"libc":["any"]} (current: {"os":"linux","cpu":"x64","libc":"glibc"})
.../rustd-serial/npm/linux-arm64-gnu     | [WARN] Unsupported platform: wanted: {"cpu":["arm64"],"os":["linux"],"libc":["glibc"]} (current: {"os":"linux","cpu":"x64","libc":"glibc"})
packages/rustd-serial/npm/win32-x64-msvc | [WARN] Unsupported platform: wanted: {"cpu":["x64"],"os":["win32"],"libc":["any"]} (current: {"os":"linux","cpu":"x64","libc":"glibc"})
packages/rustd-unicode/npm/darwin-arm64  | [WARN] Unsupported platform: wanted: {"cpu":["arm64"],"os":["darwin"],"libc":["any"]} (current: {"os":"linux","cpu":"x64","libc":"glibc"})
packages/rustd-unicode/npm/darwin-x64    | [WARN] Unsupported platform: wanted: {"cpu":["x64"],"os":["darwin"],"libc":["any"]} (current: {"os":"linux","cpu":"x64","libc":"glibc"})
.../rustd-unicode/npm/linux-arm64-gnu    | [WARN] Unsupported platform: wanted: {"cpu":["arm64"],"os":["linux"],"libc":["glibc"]} (current: {"os":"linux","cpu":"x64","libc":"glibc"})
.../rustd-unicode/npm/win32-x64-msvc     | [WARN] Unsupported platform: wanted: {"cpu":["x64"],"os":["win32"],"libc":["any"]} (current: {"os":"linux","cpu":"x64","libc":"glibc"})
Scope: all 97 workspace projects
✓ Lockfile passes supply-chain policies (verified 4h ago)
Lockfile is up to date, resolution step is skipped
Progress: resolved 1, reused 0, downloaded 0, added 0
Packages: +70
++++++++++++++++++++++++++++++++++++++++++++++++++++++++++++++++++++++
Packages are hard linked from the content-addressable store to the virtual store.
  Content-addressable store is at: /home/akrc/.local/share/pnpm/store/v11
  Virtual store is at:             node_modules/.pnpm
Progress: resolved 70, reused 69, downloaded 0, added 69
Progress: resolved 70, reused 70, downloaded 0, added 70, done

devDependencies:
+ @napi-rs/cli 3.9.1
+ @types/node 24.13.4
+ typescript 7.0.2

Done in 3.9s using pnpm v11.20.0

exit_code=0 elapsed_seconds=4.529
