$ CARGO_BUILD_JOBS=4 nice -n 10 pnpm --filter rustd-gotool build
packages/_template/npm/darwin-arm64      | [WARN] Unsupported platform: wanted: {"cpu":["arm64"],"os":["darwin"],"libc":["any"]} (current: {"os":"linux","cpu":"x64","libc":"glibc"})
packages/_template/npm/darwin-x64        | [WARN] Unsupported platform: wanted: {"cpu":["x64"],"os":["darwin"],"libc":["any"]} (current: {"os":"linux","cpu":"x64","libc":"glibc"})
packages/_template/npm/linux-arm64-gnu   | [WARN] Unsupported platform: wanted: {"cpu":["arm64"],"os":["linux"],"libc":["glibc"]} (current: {"os":"linux","cpu":"x64","libc":"glibc"})
packages/_template/npm/win32-x64-msvc    | [WARN] Unsupported platform: wanted: {"cpu":["x64"],"os":["win32"],"libc":["any"]} (current: {"os":"linux","cpu":"x64","libc":"glibc"})
packages/rustd-archive/npm/darwin-arm64  | [WARN] Unsupported platform: wanted: {"cpu":["arm64"],"os":["darwin"],"libc":["any"]} (current: {"os":"linux","cpu":"x64","libc":"glibc"})
packages/rustd-archive/npm/darwin-x64    | [WARN] Unsupported platform: wanted: {"cpu":["x64"],"os":["darwin"],"libc":["any"]} (current: {"os":"linux","cpu":"x64","libc":"glibc"})
.../rustd-archive/npm/linux-arm64-gnu    | [WARN] Unsupported platform: wanted: {"cpu":["arm64"],"os":["linux"],"libc":["glibc"]} (current: {"os":"linux","cpu":"x64","libc":"glibc"})
.../rustd-archive/npm/win32-x64-msvc     | [WARN] Unsupported platform: wanted: {"cpu":["x64"],"os":["win32"],"libc":["any"]} (current: {"os":"linux","cpu":"x64","libc":"glibc"})
packages/rustd-checksum/npm/darwin-arm64 | [WARN] Unsupported platform: wanted: {"cpu":["arm64"],"os":["darwin"],"libc":["any"]} (current: {"os":"linux","cpu":"x64","libc":"glibc"})
packages/rustd-checksum/npm/darwin-x64   | [WARN] Unsupported platform: wanted: {"cpu":["x64"],"os":["darwin"],"libc":["any"]} (current: {"os":"linux","cpu":"x64","libc":"glibc"})
.../rustd-checksum/npm/linux-arm64-gnu   | [WARN] Unsupported platform: wanted: {"cpu":["arm64"],"os":["linux"],"libc":["glibc"]} (current: {"os":"linux","cpu":"x64","libc":"glibc"})
.../rustd-checksum/npm/win32-x64-msvc    | [WARN] Unsupported platform: wanted: {"cpu":["x64"],"os":["win32"],"libc":["any"]} (current: {"os":"linux","cpu":"x64","libc":"glibc"})
packages/rustd-compress/npm/darwin-arm64 | [WARN] Unsupported platform: wanted: {"cpu":["arm64"],"os":["darwin"],"libc":["any"]} (current: {"os":"linux","cpu":"x64","libc":"glibc"})
packages/rustd-compress/npm/darwin-x64   | [WARN] Unsupported platform: wanted: {"cpu":["x64"],"os":["darwin"],"libc":["any"]} (current: {"os":"linux","cpu":"x64","libc":"glibc"})
.../rustd-compress/npm/linux-arm64-gnu   | [WARN] Unsupported platform: wanted: {"cpu":["arm64"],"os":["linux"],"libc":["glibc"]} (current: {"os":"linux","cpu":"x64","libc":"glibc"})
.../rustd-compress/npm/win32-x64-msvc    | [WARN] Unsupported platform: wanted: {"cpu":["x64"],"os":["win32"],"libc":["any"]} (current: {"os":"linux","cpu":"x64","libc":"glibc"})
.../rustd-containers/npm/darwin-arm64    | [WARN] Unsupported platform: wanted: {"cpu":["arm64"],"os":["darwin"],"libc":["any"]} (current: {"os":"linux","cpu":"x64","libc":"glibc"})
packages/rustd-containers/npm/darwin-x64 | [WARN] Unsupported platform: wanted: {"cpu":["x64"],"os":["darwin"],"libc":["any"]} (current: {"os":"linux","cpu":"x64","libc":"glibc"})
.../rustd-containers/npm/linux-arm64-gnu | [WARN] Unsupported platform: wanted: {"cpu":["arm64"],"os":["linux"],"libc":["glibc"]} (current: {"os":"linux","cpu":"x64","libc":"glibc"})
.../rustd-containers/npm/win32-x64-msvc  | [WARN] Unsupported platform: wanted: {"cpu":["x64"],"os":["win32"],"libc":["any"]} (current: {"os":"linux","cpu":"x64","libc":"glibc"})
packages/rustd-crypto/npm/darwin-arm64   | [WARN] Unsupported platform: wanted: {"cpu":["arm64"],"os":["darwin"],"libc":["any"]} (current: {"os":"linux","cpu":"x64","libc":"glibc"})
packages/rustd-crypto/npm/darwin-x64     | [WARN] Unsupported platform: wanted: {"cpu":["x64"],"os":["darwin"],"libc":["any"]} (current: {"os":"linux","cpu":"x64","libc":"glibc"})
.../rustd-crypto/npm/linux-arm64-gnu     | [WARN] Unsupported platform: wanted: {"cpu":["arm64"],"os":["linux"],"libc":["glibc"]} (current: {"os":"linux","cpu":"x64","libc":"glibc"})
packages/rustd-crypto/npm/win32-x64-msvc | [WARN] Unsupported platform: wanted: {"cpu":["x64"],"os":["win32"],"libc":["any"]} (current: {"os":"linux","cpu":"x64","libc":"glibc"})
packages/rustd-encoding/npm/darwin-arm64 | [WARN] Unsupported platform: wanted: {"cpu":["arm64"],"os":["darwin"],"libc":["any"]} (current: {"os":"linux","cpu":"x64","libc":"glibc"})
packages/rustd-encoding/npm/darwin-x64   | [WARN] Unsupported platform: wanted: {"cpu":["x64"],"os":["darwin"],"libc":["any"]} (current: {"os":"linux","cpu":"x64","libc":"glibc"})
.../rustd-encoding/npm/linux-arm64-gnu   | [WARN] Unsupported platform: wanted: {"cpu":["arm64"],"os":["linux"],"libc":["glibc"]} (current: {"os":"linux","cpu":"x64","libc":"glibc"})
.../rustd-encoding/npm/win32-x64-msvc    | [WARN] Unsupported platform: wanted: {"cpu":["x64"],"os":["win32"],"libc":["any"]} (current: {"os":"linux","cpu":"x64","libc":"glibc"})
packages/rustd-gotool/npm/darwin-arm64   | [WARN] Unsupported platform: wanted: {"cpu":["arm64"],"os":["darwin"],"libc":["any"]} (current: {"os":"linux","cpu":"x64","libc":"glibc"})
packages/rustd-gotool/npm/darwin-x64     | [WARN] Unsupported platform: wanted: {"cpu":["x64"],"os":["darwin"],"libc":["any"]} (current: {"os":"linux","cpu":"x64","libc":"glibc"})
.../rustd-gotool/npm/linux-arm64-gnu     | [WARN] Unsupported platform: wanted: {"cpu":["arm64"],"os":["linux"],"libc":["glibc"]} (current: {"os":"linux","cpu":"x64","libc":"glibc"})
packages/rustd-gotool/npm/win32-x64-msvc | [WARN] Unsupported platform: wanted: {"cpu":["x64"],"os":["win32"],"libc":["any"]} (current: {"os":"linux","cpu":"x64","libc":"glibc"})
packages/rustd-image/npm/darwin-arm64    | [WARN] Unsupported platform: wanted: {"cpu":["arm64"],"os":["darwin"],"libc":["any"]} (current: {"os":"linux","cpu":"x64","libc":"glibc"})
packages/rustd-image/npm/darwin-x64      | [WARN] Unsupported platform: wanted: {"cpu":["x64"],"os":["darwin"],"libc":["any"]} (current: {"os":"linux","cpu":"x64","libc":"glibc"})
packages/rustd-image/npm/linux-arm64-gnu | [WARN] Unsupported platform: wanted: {"cpu":["arm64"],"os":["linux"],"libc":["glibc"]} (current: {"os":"linux","cpu":"x64","libc":"glibc"})
packages/rustd-image/npm/win32-x64-msvc  | [WARN] Unsupported platform: wanted: {"cpu":["x64"],"os":["win32"],"libc":["any"]} (current: {"os":"linux","cpu":"x64","libc":"glibc"})
packages/rustd-log/npm/darwin-arm64      | [WARN] Unsupported platform: wanted: {"cpu":["arm64"],"os":["darwin"],"libc":["any"]} (current: {"os":"linux","cpu":"x64","libc":"glibc"})
packages/rustd-log/npm/darwin-x64        | [WARN] Unsupported platform: wanted: {"cpu":["x64"],"os":["darwin"],"libc":["any"]} (current: {"os":"linux","cpu":"x64","libc":"glibc"})
packages/rustd-log/npm/linux-arm64-gnu   | [WARN] Unsupported platform: wanted: {"cpu":["arm64"],"os":["linux"],"libc":["glibc"]} (current: {"os":"linux","cpu":"x64","libc":"glibc"})
packages/rustd-log/npm/win32-x64-msvc    | [WARN] Unsupported platform: wanted: {"cpu":["x64"],"os":["win32"],"libc":["any"]} (current: {"os":"linux","cpu":"x64","libc":"glibc"})
packages/rustd-mail/npm/darwin-arm64     | [WARN] Unsupported platform: wanted: {"cpu":["arm64"],"os":["darwin"],"libc":["any"]} (current: {"os":"linux","cpu":"x64","libc":"glibc"})
packages/rustd-mail/npm/darwin-x64       | [WARN] Unsupported platform: wanted: {"cpu":["x64"],"os":["darwin"],"libc":["any"]} (current: {"os":"linux","cpu":"x64","libc":"glibc"})
packages/rustd-mail/npm/linux-arm64-gnu  | [WARN] Unsupported platform: wanted: {"cpu":["arm64"],"os":["linux"],"libc":["glibc"]} (current: {"os":"linux","cpu":"x64","libc":"glibc"})
packages/rustd-mail/npm/win32-x64-msvc   | [WARN] Unsupported platform: wanted: {"cpu":["x64"],"os":["win32"],"libc":["any"]} (current: {"os":"linux","cpu":"x64","libc":"glibc"})
packages/rustd-mathx/npm/darwin-arm64    | [WARN] Unsupported platform: wanted: {"cpu":["arm64"],"os":["darwin"],"libc":["any"]} (current: {"os":"linux","cpu":"x64","libc":"glibc"})
packages/rustd-mathx/npm/darwin-x64      | [WARN] Unsupported platform: wanted: {"cpu":["x64"],"os":["darwin"],"libc":["any"]} (current: {"os":"linux","cpu":"x64","libc":"glibc"})
packages/rustd-mathx/npm/linux-arm64-gnu | [WARN] Unsupported platform: wanted: {"cpu":["arm64"],"os":["linux"],"libc":["glibc"]} (current: {"os":"linux","cpu":"x64","libc":"glibc"})
packages/rustd-mathx/npm/win32-x64-msvc  | [WARN] Unsupported platform: wanted: {"cpu":["x64"],"os":["win32"],"libc":["any"]} (current: {"os":"linux","cpu":"x64","libc":"glibc"})
packages/rustd-mime/npm/darwin-arm64     | [WARN] Unsupported platform: wanted: {"cpu":["arm64"],"os":["darwin"],"libc":["any"]} (current: {"os":"linux","cpu":"x64","libc":"glibc"})
packages/rustd-mime/npm/darwin-x64       | [WARN] Unsupported platform: wanted: {"cpu":["x64"],"os":["darwin"],"libc":["any"]} (current: {"os":"linux","cpu":"x64","libc":"glibc"})
packages/rustd-mime/npm/linux-arm64-gnu  | [WARN] Unsupported platform: wanted: {"cpu":["arm64"],"os":["linux"],"libc":["glibc"]} (current: {"os":"linux","cpu":"x64","libc":"glibc"})
packages/rustd-mime/npm/win32-x64-msvc   | [WARN] Unsupported platform: wanted: {"cpu":["x64"],"os":["win32"],"libc":["any"]} (current: {"os":"linux","cpu":"x64","libc":"glibc"})
.../rustd-regexsyntax/npm/darwin-arm64   | [WARN] Unsupported platform: wanted: {"cpu":["arm64"],"os":["darwin"],"libc":["any"]} (current: {"os":"linux","cpu":"x64","libc":"glibc"})
.../rustd-regexsyntax/npm/darwin-x64     | [WARN] Unsupported platform: wanted: {"cpu":["x64"],"os":["darwin"],"libc":["any"]} (current: {"os":"linux","cpu":"x64","libc":"glibc"})
.../npm/linux-arm64-gnu                  | [WARN] Unsupported platform: wanted: {"cpu":["arm64"],"os":["linux"],"libc":["glibc"]} (current: {"os":"linux","cpu":"x64","libc":"glibc"})
.../rustd-regexsyntax/npm/win32-x64-msvc | [WARN] Unsupported platform: wanted: {"cpu":["x64"],"os":["win32"],"libc":["any"]} (current: {"os":"linux","cpu":"x64","libc":"glibc"})
packages/rustd-serial/npm/darwin-arm64   | [WARN] Unsupported platform: wanted: {"cpu":["arm64"],"os":["darwin"],"libc":["any"]} (current: {"os":"linux","cpu":"x64","libc":"glibc"})
packages/rustd-serial/npm/darwin-x64     | [WARN] Unsupported platform: wanted: {"cpu":["x64"],"os":["darwin"],"libc":["any"]} (current: {"os":"linux","cpu":"x64","libc":"glibc"})
.../rustd-serial/npm/linux-arm64-gnu     | [WARN] Unsupported platform: wanted: {"cpu":["arm64"],"os":["linux"],"libc":["glibc"]} (current: {"os":"linux","cpu":"x64","libc":"glibc"})
packages/rustd-serial/npm/win32-x64-msvc | [WARN] Unsupported platform: wanted: {"cpu":["x64"],"os":["win32"],"libc":["any"]} (current: {"os":"linux","cpu":"x64","libc":"glibc"})
packages/rustd-unicode/npm/darwin-arm64  | [WARN] Unsupported platform: wanted: {"cpu":["arm64"],"os":["darwin"],"libc":["any"]} (current: {"os":"linux","cpu":"x64","libc":"glibc"})
packages/rustd-unicode/npm/darwin-x64    | [WARN] Unsupported platform: wanted: {"cpu":["x64"],"os":["darwin"],"libc":["any"]} (current: {"os":"linux","cpu":"x64","libc":"glibc"})
.../rustd-unicode/npm/linux-arm64-gnu    | [WARN] Unsupported platform: wanted: {"cpu":["arm64"],"os":["linux"],"libc":["glibc"]} (current: {"os":"linux","cpu":"x64","libc":"glibc"})
.../rustd-unicode/npm/win32-x64-msvc     | [WARN] Unsupported platform: wanted: {"cpu":["x64"],"os":["win32"],"libc":["any"]} (current: {"os":"linux","cpu":"x64","libc":"glibc"})
$ napi build --platform --release --no-js --dts .generated.d.ts
   Compiling rustd-gotool v0.1.0 (/home/akrc/Developer/rustd-js-ci-clean/packages/rustd-gotool)
warning: value assigned to `endline` is never read
   --> src/parser.rs:171:31
    |
171 |             let mut endline = 0;
    |                               ^ this value is reassigned later and never used
...
174 |                 endline = el;
    |                 ------------ `endline` is overwritten here before the previous value is read
    |
    = note: `#[warn(unused_assignments)]` (part of `#[warn(unused)]`) on by default

warning: value assigned to `i2` is never read
   --> src/scanner.rs:910:22
    |
910 |         let mut i2 = 0usize;
    |                      ^^^^^^ this value is reassigned later and never used
...
914 |                     i2 = i;
    |                     ------ `i2` is overwritten here before the previous value is read

warning: function `ident_expr` is never used
   --> src/ast.rs:267:8
    |
267 | pub fn ident_expr(name_pos: i32, name: impl Into<String>) -> Expr {
    |        ^^^^^^^^^^
    |
    = note: `#[warn(dead_code)]` (part of `#[warn(unused)]`) on by default

warning: constant `TRACE` is never used
  --> src/parser.rs:11:11
   |
11 | pub const TRACE: u32 = 1 << 3;
   |           ^^^^^

warning: method `print_group` is never used
   --> src/print.rs:190:8
    |
 17 | impl<'a> Printer<'a> {
    | -------------------- method in this implementation
...
190 |     fn print_group(&mut self, g: &CommentGroup) -> Result<()> {
    |        ^^^^^^^^^^^

warning: function `is_operator` is never used
   --> src/token.rs:129:8
    |
129 | pub fn is_operator(tok: i32) -> bool {
    |        ^^^^^^^^^^^

warning: `rustd-gotool` (lib) generated 6 warnings
    Finished `release` profile [optimized] target(s) in 20.39s

exit_code=0 elapsed_seconds=24.102
